[20/Sep/2026:17:41:03 +0800] 0:0:0:0:0:0:0:1 "GET /api/swagger-ui/index.html HTTP/1.1" 200 81323ms
[20/Sep/2026:17:41:03 +0800] 0:0:0:0:0:0:0:1 "GET /api/swagger-ui/index.css HTTP/1.1" 200 8689ms
[20/Sep/2026:17:41:03 +0800] 0:0:0:0:0:0:0:1 "GET /api/swagger-ui/swagger-ui.css HTTP/1.1" 200 10631ms
[20/Sep/2026:17:41:03 +0800] 0:0:0:0:0:0:0:1 "GET /api/swagger-ui/swagger-ui-standalone-preset.js HTTP/1.1" 200 18636ms
[20/Sep/2026:17:41:03 +0800] 0:0:0:0:0:0:0:1 "GET /api/swagger-ui/swagger-ui-bundle.js HTTP/1.1" 200 20676ms
[20/Sep/2026:17:41:03 +0800] 0:0:0:0:0:0:0:1 "GET /api/swagger-ui/swagger-initializer.js HTTP/1.1" 200 22191ms
[20/Sep/2026:17:41:03 +0800] 0:0:0:0:0:0:0:1 "GET /api/v3/api-docs/swagger-config HTTP/1.1" 200 37133ms
[20/Sep/2026:17:41:03 +0800] 0:0:0:0:0:0:0:1 "GET /api/swagger-ui/favicon-32x32.png HTTP/1.1" 200 6156ms
[20/Sep/2026:17:41:04 +0800] 0:0:0:0:0:0:0:1 "GET /api/v3/api-docs HTTP/1.1" 200 827840ms
[20/Sep/2026:17:41:15 +0800] 0:0:0:0:0:0:0:1 "POST /api/auth/register HTTP/1.1" 200 348157ms
[20/Sep/2026:17:41:21 +0800] 0:0:0:0:0:0:0:1 "POST /api/auth/login HTTP/1.1" 200 24194ms
[20/Sep/2026:17:41:26 +0800] 0:0:0:0:0:0:0:1 "POST /api/auth/login HTTP/1.1" 200 20481ms
[20/Sep/2026:17:56:46 +0800] 0:0:0:0:0:0:0:1 "GET /api/swagger-ui/index.html HTTP/1.1" 304 191844ms
[20/Sep/2026:17:56:46 +0800] 0:0:0:0:0:0:0:1 "GET /api/swagger-ui/swagger-initializer.js HTTP/1.1" 200 46024ms
[20/Sep/2026:17:56:46 +0800] 0:0:0:0:0:0:0:1 "GET /api/v3/api-docs/swagger-config HTTP/1.1" 200 31643ms
[20/Sep/2026:17:56:47 +0800] 0:0:0:0:0:0:0:1 "GET /api/v3/api-docs HTTP/1.1" 200 1148854ms
[20/Sep/2026:17:56:54 +0800] 0:0:0:0:0:0:0:1 "POST /api/auth/login HTTP/1.1" 200 384324ms
[20/Sep/2026:18:00:23 +0800] 0:0:0:0:0:0:0:1 "POST /api/auth/login HTTP/1.1" 200 24741ms
[20/Sep/2026:18:00:24 +0800] 0:0:0:0:0:0:0:1 "POST /api/auth/login HTTP/1.1" 200 44836ms
[20/Sep/2026:18:00:25 +0800] 0:0:0:0:0:0:0:1 "POST /api/auth/login HTTP/1.1" 200 24210ms
[20/Sep/2026:18:00:25 +0800] 0:0:0:0:0:0:0:1 "POST /api/auth/login HTTP/1.1" 200 29244ms
[20/Sep/2026:18:02:14 +0800] 0:0:0:0:0:0:0:1 "POST /api/auth/login HTTP/1.1" 200 123160ms
[20/Sep/2026:18:02:54 +0800] 0:0:0:0:0:0:0:1 "GET /api/auth/me HTTP/1.1" 200 557677ms
[20/Sep/2026:19:02:13 +0800] 127.0.0.1 "GET / HTTP/1.1" 404 29799ms
[20/Sep/2026:19:02:13 +0800] 127.0.0.1 "GET /favicon.ico HTTP/1.1" 404 689ms
[20/Sep/2026:19:02:16 +0800] 127.0.0.1 "GET /.well-known/appspecific/com.chrome.devtools.json HTTP/1.1" 404 963ms
[20/Sep/2026:19:02:18 +0800] 127.0.0.1 "GET / HTTP/1.1" 404 742ms
[20/Sep/2026:19:02:18 +0800] 127.0.0.1 "GET /.well-known/appspecific/com.chrome.devtools.json HTTP/1.1" 404 1032ms
[20/Sep/2026:19:02:23 +0800] 0:0:0:0:0:0:0:1 "GET / HTTP/1.1" 404 3240ms
[20/Sep/2026:19:02:23 +0800] 0:0:0:0:0:0:0:1 "GET /.well-known/appspecific/com.chrome.devtools.json HTTP/1.1" 404 1313ms
[20/Sep/2026:19:02:23 +0800] 0:0:0:0:0:0:0:1 "GET /favicon.ico HTTP/1.1" 404 1136ms
[20/Sep/2026:19:02:28 +0800] 0:0:0:0:0:0:0:1 "GET /api HTTP/1.1" 302 0ms
[20/Sep/2026:19:02:28 +0800] 0:0:0:0:0:0:0:1 "GET /api/ HTTP/1.1" 200 109615ms
[20/Sep/2026:19:02:28 +0800] 0:0:0:0:0:0:0:1 "GET /.well-known/appspecific/com.chrome.devtools.json HTTP/1.1" 404 707ms
[20/Sep/2026:19:02:35 +0800] 0:0:0:0:0:0:0:1 "GET /.well-known/appspecific/com.chrome.devtools.json HTTP/1.1" 404 1173ms
[20/Sep/2026:19:02:35 +0800] 0:0:0:0:0:0:0:1 "GET /api/swagger-ui/swagger-initializer.js HTTP/1.1" 200 96184ms
[20/Sep/2026:19:02:35 +0800] 0:0:0:0:0:0:0:1 "GET /api/swagger-ui/swagger-ui.css.map HTTP/1.1" 200 140808ms
[20/Sep/2026:19:02:36 +0800] 0:0:0:0:0:0:0:1 "GET /api/v3/api-docs/swagger-config HTTP/1.1" 200 16713ms
[20/Sep/2026:19:02:36 +0800] 0:0:0:0:0:0:0:1 "GET /api/v3/api-docs HTTP/1.1" 200 897821ms
[20/Sep/2026:19:12:42 +0800] 0:0:0:0:0:0:0:1 "GET / HTTP/1.1" 404 881ms
[20/Sep/2026:19:12:43 +0800] 0:0:0:0:0:0:0:1 "GET /.well-known/appspecific/com.chrome.devtools.json HTTP/1.1" 404 907ms
[20/Sep/2026:19:12:48 +0800] 0:0:0:0:0:0:0:1 "GET /api/ HTTP/1.1" 200 3858ms
[20/Sep/2026:19:12:48 +0800] 0:0:0:0:0:0:0:1 "GET /.well-known/appspecific/com.chrome.devtools.json HTTP/1.1" 404 1486ms
[20/Sep/2026:19:12:52 +0800] 0:0:0:0:0:0:0:1 "GET /api/index HTTP/1.1" 200 3392ms
[20/Sep/2026:19:12:52 +0800] 0:0:0:0:0:0:0:1 "GET /.well-known/appspecific/com.chrome.devtools.json HTTP/1.1" 404 1987ms
[20/Sep/2026:19:12:56 +0800] 0:0:0:0:0:0:0:1 "GET /api/index.html HTTP/1.1" 200 3100ms
[20/Sep/2026:19:12:57 +0800] 0:0:0:0:0:0:0:1 "GET /.well-known/appspecific/com.chrome.devtools.json HTTP/1.1" 404 589ms
[20/Sep/2026:19:14:19 +0800] 0:0:0:0:0:0:0:1 "GET /api/swagger-ui/index.html HTTP/1.1" 304 7907ms
[20/Sep/2026:19:14:19 +0800] 0:0:0:0:0:0:0:1 "GET /api/swagger-ui/swagger-initializer.js HTTP/1.1" 200 11031ms
[20/Sep/2026:19:14:19 +0800] 0:0:0:0:0:0:0:1 "GET /.well-known/appspecific/com.chrome.devtools.json HTTP/1.1" 404 716ms
[20/Sep/2026:19:14:19 +0800] 0:0:0:0:0:0:0:1 "GET /api/v3/api-docs/swagger-config HTTP/1.1" 200 5882ms
[20/Sep/2026:19:14:19 +0800] 0:0:0:0:0:0:0:1 "GET /api/v3/api-docs HTTP/1.1" 200 12672ms
